
> react-example@0.0.0 build
> vite build

vite v6.4.2 building for production...
transforming...
✓ 2757 modules transformed.
rendering chunks...
computing gzip size...
dist/index.html                     0.41 kB │ gzip:   0.28 kB
dist/assets/index-BTpz4C9D.css    114.90 kB │ gzip:  16.68 kB
dist/assets/index-T6T2xsUn.js   1,971.27 kB │ gzip: 497.64 kB

(!) Some chunks are larger than 500 kB after minification. Consider:
- Using dynamic import() to code-split the application
- Use build.rollupOptions.output.manualChunks to improve chunking: https://rollupjs.org/configuration-options/#output-manualchunks
- Adjust chunk size limit for this warning via build.chunkSizeWarningLimit.
✓ built in 8.90s
